<?xml version="1.0"?>
<link_info>
   <banner>MSP430 Linker PC v4.2.1</banner>
   <copyright>Copyright (c) 2003-2013 Texas Instruments Incorporated</copyright>
   <link_time>0x59748edf</link_time>
   <link_errors>0x0</link_errors>
   <output_file>16_channel_ECG.out</output_file>
   <entry_point>
      <name>_c_int00</name>
      <address>0x47e4</address>
   </entry_point>
   <input_file_list>
      <input_file id="fl-2">
         <path>.\USB_API\USB_CDC_API\</path>
         <kind>object</kind>
         <file>UsbCdc.obj</file>
         <name>UsbCdc.obj</name>
      </input_file>
      <input_file id="fl-3">
         <path>.\USB_API\USB_Common\</path>
         <kind>object</kind>
         <file>usbdma.obj</file>
         <name>usbdma.obj</name>
      </input_file>
      <input_file id="fl-4">
         <path>.\USB_API\USB_Common\</path>
         <kind>object</kind>
         <file>usb.obj</file>
         <name>usb.obj</name>
      </input_file>
      <input_file id="fl-5">
         <path>.\USB_API\USB_HID_API\</path>
         <kind>object</kind>
         <file>UsbHidReq.obj</file>
         <name>UsbHidReq.obj</name>
      </input_file>
      <input_file id="fl-6">
         <path>.\USB_API\USB_HID_API\</path>
         <kind>object</kind>
         <file>UsbHid.obj</file>
         <name>UsbHid.obj</name>
      </input_file>
      <input_file id="fl-7">
         <path>.\USB_API\USB_MSC_API\</path>
         <kind>object</kind>
         <file>UsbMscStateMachine.obj</file>
         <name>UsbMscStateMachine.obj</name>
      </input_file>
      <input_file id="fl-8">
         <path>.\USB_API\USB_MSC_API\</path>
         <kind>object</kind>
         <file>UsbMscScsi.obj</file>
         <name>UsbMscScsi.obj</name>
      </input_file>
      <input_file id="fl-9">
         <path>.\USB_API\USB_MSC_API\</path>
         <kind>object</kind>
         <file>UsbMscReq.obj</file>
         <name>UsbMscReq.obj</name>
      </input_file>
      <input_file id="fl-a">
         <path>.\USB_API\USB_PHDC_API\</path>
         <kind>object</kind>
         <file>UsbPHDC.obj</file>
         <name>UsbPHDC.obj</name>
      </input_file>
      <input_file id="fl-b">
         <path>.\USB_app\</path>
         <kind>object</kind>
         <file>usbEventHandling.obj</file>
         <name>usbEventHandling.obj</name>
      </input_file>
      <input_file id="fl-c">
         <path>.\USB_app\</path>
         <kind>object</kind>
         <file>usbConstructs.obj</file>
         <name>usbConstructs.obj</name>
      </input_file>
      <input_file id="fl-d">
         <path>.\USB_config\</path>
         <kind>object</kind>
         <file>descriptors.obj</file>
         <name>descriptors.obj</name>
      </input_file>
      <input_file id="fl-e">
         <path>.\USB_config\</path>
         <kind>object</kind>
         <file>UsbIsr.obj</file>
         <name>UsbIsr.obj</name>
      </input_file>
      <input_file id="fl-f">
         <path>.\driverlib\MSP430F5xx_6xx\</path>
         <kind>object</kind>
         <file>wdt_a.obj</file>
         <name>wdt_a.obj</name>
      </input_file>
      <input_file id="fl-10">
         <path>.\driverlib\MSP430F5xx_6xx\</path>
         <kind>object</kind>
         <file>usci_b_spi.obj</file>
         <name>usci_b_spi.obj</name>
      </input_file>
      <input_file id="fl-11">
         <path>.\driverlib\MSP430F5xx_6xx\</path>
         <kind>object</kind>
         <file>usci_b_i2c.obj</file>
         <name>usci_b_i2c.obj</name>
      </input_file>
      <input_file id="fl-12">
         <path>.\driverlib\MSP430F5xx_6xx\</path>
         <kind>object</kind>
         <file>usci_a_uart.obj</file>
         <name>usci_a_uart.obj</name>
      </input_file>
      <input_file id="fl-13">
         <path>.\driverlib\MSP430F5xx_6xx\</path>
         <kind>object</kind>
         <file>usci_a_spi.obj</file>
         <name>usci_a_spi.obj</name>
      </input_file>
      <input_file id="fl-14">
         <path>.\driverlib\MSP430F5xx_6xx\</path>
         <kind>object</kind>
         <file>ucs.obj</file>
         <name>ucs.obj</name>
      </input_file>
      <input_file id="fl-15">
         <path>.\driverlib\MSP430F5xx_6xx\</path>
         <kind>object</kind>
         <file>tlv.obj</file>
         <name>tlv.obj</name>
      </input_file>
      <input_file id="fl-16">
         <path>.\driverlib\MSP430F5xx_6xx\</path>
         <kind>object</kind>
         <file>timer_d.obj</file>
         <name>timer_d.obj</name>
      </input_file>
      <input_file id="fl-17">
         <path>.\driverlib\MSP430F5xx_6xx\</path>
         <kind>object</kind>
         <file>timer_b.obj</file>
         <name>timer_b.obj</name>
      </input_file>
      <input_file id="fl-18">
         <path>.\driverlib\MSP430F5xx_6xx\</path>
         <kind>object</kind>
         <file>timer_a.obj</file>
         <name>timer_a.obj</name>
      </input_file>
      <input_file id="fl-19">
         <path>.\driverlib\MSP430F5xx_6xx\</path>
         <kind>object</kind>
         <file>tec.obj</file>
         <name>tec.obj</name>
      </input_file>
      <input_file id="fl-1a">
         <path>.\driverlib\MSP430F5xx_6xx\</path>
         <kind>object</kind>
         <file>sysctl.obj</file>
         <name>sysctl.obj</name>
      </input_file>
      <input_file id="fl-1b">
         <path>.\driverlib\MSP430F5xx_6xx\</path>
         <kind>object</kind>
         <file>sfr.obj</file>
         <name>sfr.obj</name>
      </input_file>
      <input_file id="fl-1c">
         <path>.\driverlib\MSP430F5xx_6xx\</path>
         <kind>object</kind>
         <file>sd24_b.obj</file>
         <name>sd24_b.obj</name>
      </input_file>
      <input_file id="fl-1d">
         <path>.\driverlib\MSP430F5xx_6xx\</path>
         <kind>object</kind>
         <file>rtc_c.obj</file>
         <name>rtc_c.obj</name>
      </input_file>
      <input_file id="fl-1e">
         <path>.\driverlib\MSP430F5xx_6xx\</path>
         <kind>object</kind>
         <file>rtc_b.obj</file>
         <name>rtc_b.obj</name>
      </input_file>
      <input_file id="fl-1f">
         <path>.\driverlib\MSP430F5xx_6xx\</path>
         <kind>object</kind>
         <file>rtc_a.obj</file>
         <name>rtc_a.obj</name>
      </input_file>
      <input_file id="fl-20">
         <path>.\driverlib\MSP430F5xx_6xx\</path>
         <kind>object</kind>
         <file>ref.obj</file>
         <name>ref.obj</name>
      </input_file>
      <input_file id="fl-21">
         <path>.\driverlib\MSP430F5xx_6xx\</path>
         <kind>object</kind>
         <file>ram.obj</file>
         <name>ram.obj</name>
      </input_file>
      <input_file id="fl-22">
         <path>.\driverlib\MSP430F5xx_6xx\</path>
         <kind>object</kind>
         <file>pmm.obj</file>
         <name>pmm.obj</name>
      </input_file>
      <input_file id="fl-23">
         <path>.\driverlib\MSP430F5xx_6xx\</path>
         <kind>object</kind>
         <file>pmap.obj</file>
         <name>pmap.obj</name>
      </input_file>
      <input_file id="fl-24">
         <path>.\driverlib\MSP430F5xx_6xx\</path>
         <kind>object</kind>
         <file>oa.obj</file>
         <name>oa.obj</name>
      </input_file>
      <input_file id="fl-25">
         <path>.\driverlib\MSP430F5xx_6xx\</path>
         <kind>object</kind>
         <file>mpy32.obj</file>
         <name>mpy32.obj</name>
      </input_file>
      <input_file id="fl-26">
         <path>.\driverlib\MSP430F5xx_6xx\</path>
         <kind>object</kind>
         <file>ldopwr.obj</file>
         <name>ldopwr.obj</name>
      </input_file>
      <input_file id="fl-27">
         <path>.\driverlib\MSP430F5xx_6xx\</path>
         <kind>object</kind>
         <file>lcd_b.obj</file>
         <name>lcd_b.obj</name>
      </input_file>
      <input_file id="fl-28">
         <path>.\driverlib\MSP430F5xx_6xx\</path>
         <kind>object</kind>
         <file>gpio.obj</file>
         <name>gpio.obj</name>
      </input_file>
      <input_file id="fl-29">
         <path>.\driverlib\MSP430F5xx_6xx\</path>
         <kind>object</kind>
         <file>flashctl.obj</file>
         <name>flashctl.obj</name>
      </input_file>
      <input_file id="fl-2a">
         <path>.\driverlib\MSP430F5xx_6xx\</path>
         <kind>object</kind>
         <file>eusci_b_spi.obj</file>
         <name>eusci_b_spi.obj</name>
      </input_file>
      <input_file id="fl-2b">
         <path>.\driverlib\MSP430F5xx_6xx\</path>
         <kind>object</kind>
         <file>eusci_b_i2c.obj</file>
         <name>eusci_b_i2c.obj</name>
      </input_file>
      <input_file id="fl-2c">
         <path>.\driverlib\MSP430F5xx_6xx\</path>
         <kind>object</kind>
         <file>eusci_a_uart.obj</file>
         <name>eusci_a_uart.obj</name>
      </input_file>
      <input_file id="fl-2d">
         <path>.\driverlib\MSP430F5xx_6xx\</path>
         <kind>object</kind>
         <file>eusci_a_spi.obj</file>
         <name>eusci_a_spi.obj</name>
      </input_file>
      <input_file id="fl-2e">
         <path>.\driverlib\MSP430F5xx_6xx\</path>
         <kind>object</kind>
         <file>dma.obj</file>
         <name>dma.obj</name>
      </input_file>
      <input_file id="fl-2f">
         <path>.\driverlib\MSP430F5xx_6xx\</path>
         <kind>object</kind>
         <file>dac12_a.obj</file>
         <name>dac12_a.obj</name>
      </input_file>
      <input_file id="fl-30">
         <path>.\driverlib\MSP430F5xx_6xx\</path>
         <kind>object</kind>
         <file>ctsd16.obj</file>
         <name>ctsd16.obj</name>
      </input_file>
      <input_file id="fl-31">
         <path>.\driverlib\MSP430F5xx_6xx\</path>
         <kind>object</kind>
         <file>crc.obj</file>
         <name>crc.obj</name>
      </input_file>
      <input_file id="fl-32">
         <path>.\driverlib\MSP430F5xx_6xx\</path>
         <kind>object</kind>
         <file>comp_b.obj</file>
         <name>comp_b.obj</name>
      </input_file>
      <input_file id="fl-33">
         <path>.\driverlib\MSP430F5xx_6xx\</path>
         <kind>object</kind>
         <file>battbak.obj</file>
         <name>battbak.obj</name>
      </input_file>
      <input_file id="fl-34">
         <path>.\driverlib\MSP430F5xx_6xx\</path>
         <kind>object</kind>
         <file>aes.obj</file>
         <name>aes.obj</name>
      </input_file>
      <input_file id="fl-35">
         <path>.\driverlib\MSP430F5xx_6xx\</path>
         <kind>object</kind>
         <file>adc12_a.obj</file>
         <name>adc12_a.obj</name>
      </input_file>
      <input_file id="fl-36">
         <path>.\driverlib\MSP430F5xx_6xx\</path>
         <kind>object</kind>
         <file>adc10_a.obj</file>
         <name>adc10_a.obj</name>
      </input_file>
      <input_file id="fl-37">
         <path>.\</path>
         <kind>object</kind>
         <file>system_pre_init.obj</file>
         <name>system_pre_init.obj</name>
      </input_file>
      <input_file id="fl-38">
         <path>.\</path>
         <kind>object</kind>
         <file>main.obj</file>
         <name>main.obj</name>
      </input_file>
      <input_file id="fl-39">
         <path>.\</path>
         <kind>object</kind>
         <file>hal.obj</file>
         <name>hal.obj</name>
      </input_file>
      <input_file id="fl-5a">
         <path>C:\ti\ccsv5\tools\compiler\msp430_4.2.1\lib\</path>
         <kind>archive</kind>
         <file>rts430x_lc_sd_eabi.lib</file>
         <name>boot.obj</name>
      </input_file>
      <input_file id="fl-5b">
         <path>C:\ti\ccsv5\tools\compiler\msp430_4.2.1\lib\</path>
         <kind>archive</kind>
         <file>rts430x_lc_sd_eabi.lib</file>
         <name>copy_decompress_none.obj</name>
      </input_file>
      <input_file id="fl-5c">
         <path>C:\ti\ccsv5\tools\compiler\msp430_4.2.1\lib\</path>
         <kind>archive</kind>
         <file>rts430x_lc_sd_eabi.lib</file>
         <name>copy_decompress_rle.obj</name>
      </input_file>
      <input_file id="fl-5d">
         <path>C:\ti\ccsv5\tools\compiler\msp430_4.2.1\lib\</path>
         <kind>archive</kind>
         <file>rts430x_lc_sd_eabi.lib</file>
         <name>copy_zero_init.obj</name>
      </input_file>
      <input_file id="fl-5e">
         <path>C:\ti\ccsv5\tools\compiler\msp430_4.2.1\lib\</path>
         <kind>archive</kind>
         <file>rts430x_lc_sd_eabi.lib</file>
         <name>cpy_util.obj</name>
      </input_file>
      <input_file id="fl-5f">
         <path>C:\ti\ccsv5\tools\compiler\msp430_4.2.1\lib\</path>
         <kind>archive</kind>
         <file>rts430x_lc_sd_eabi.lib</file>
         <name>div16s.obj</name>
      </input_file>
      <input_file id="fl-60">
         <path>C:\ti\ccsv5\tools\compiler\msp430_4.2.1\lib\</path>
         <kind>archive</kind>
         <file>rts430x_lc_sd_eabi.lib</file>
         <name>div16u.obj</name>
      </input_file>
      <input_file id="fl-61">
         <path>C:\ti\ccsv5\tools\compiler\msp430_4.2.1\lib\</path>
         <kind>archive</kind>
         <file>rts430x_lc_sd_eabi.lib</file>
         <name>div32s.obj</name>
      </input_file>
      <input_file id="fl-62">
         <path>C:\ti\ccsv5\tools\compiler\msp430_4.2.1\lib\</path>
         <kind>archive</kind>
         <file>rts430x_lc_sd_eabi.lib</file>
         <name>div32u.obj</name>
      </input_file>
      <input_file id="fl-63">
         <path>C:\ti\ccsv5\tools\compiler\msp430_4.2.1\lib\</path>
         <kind>archive</kind>
         <file>rts430x_lc_sd_eabi.lib</file>
         <name>exit.obj</name>
      </input_file>
      <input_file id="fl-64">
         <path>C:\ti\ccsv5\tools\compiler\msp430_4.2.1\lib\</path>
         <kind>archive</kind>
         <file>rts430x_lc_sd_eabi.lib</file>
         <name>int41.obj</name>
      </input_file>
      <input_file id="fl-65">
         <path>C:\ti\ccsv5\tools\compiler\msp430_4.2.1\lib\</path>
         <kind>archive</kind>
         <file>rts430x_lc_sd_eabi.lib</file>
         <name>int42.obj</name>
      </input_file>
      <input_file id="fl-66">
         <path>C:\ti\ccsv5\tools\compiler\msp430_4.2.1\lib\</path>
         <kind>archive</kind>
         <file>rts430x_lc_sd_eabi.lib</file>
         <name>int43.obj</name>
      </input_file>
      <input_file id="fl-67">
         <path>C:\ti\ccsv5\tools\compiler\msp430_4.2.1\lib\</path>
         <kind>archive</kind>
         <file>rts430x_lc_sd_eabi.lib</file>
         <name>int44.obj</name>
      </input_file>
      <input_file id="fl-68">
         <path>C:\ti\ccsv5\tools\compiler\msp430_4.2.1\lib\</path>
         <kind>archive</kind>
         <file>rts430x_lc_sd_eabi.lib</file>
         <name>int45.obj</name>
      </input_file>
      <input_file id="fl-69">
         <path>C:\ti\ccsv5\tools\compiler\msp430_4.2.1\lib\</path>
         <kind>archive</kind>
         <file>rts430x_lc_sd_eabi.lib</file>
         <name>int46.obj</name>
      </input_file>
      <input_file id="fl-6a">
         <path>C:\ti\ccsv5\tools\compiler\msp430_4.2.1\lib\</path>
         <kind>archive</kind>
         <file>rts430x_lc_sd_eabi.lib</file>
         <name>int47.obj</name>
      </input_file>
      <input_file id="fl-6b">
         <path>C:\ti\ccsv5\tools\compiler\msp430_4.2.1\lib\</path>
         <kind>archive</kind>
         <file>rts430x_lc_sd_eabi.lib</file>
         <name>int48.obj</name>
      </input_file>
      <input_file id="fl-6c">
         <path>C:\ti\ccsv5\tools\compiler\msp430_4.2.1\lib\</path>
         <kind>archive</kind>
         <file>rts430x_lc_sd_eabi.lib</file>
         <name>int49.obj</name>
      </input_file>
      <input_file id="fl-6d">
         <path>C:\ti\ccsv5\tools\compiler\msp430_4.2.1\lib\</path>
         <kind>archive</kind>
         <file>rts430x_lc_sd_eabi.lib</file>
         <name>int50.obj</name>
      </input_file>
      <input_file id="fl-6e">
         <path>C:\ti\ccsv5\tools\compiler\msp430_4.2.1\lib\</path>
         <kind>archive</kind>
         <file>rts430x_lc_sd_eabi.lib</file>
         <name>int52.obj</name>
      </input_file>
      <input_file id="fl-6f">
         <path>C:\ti\ccsv5\tools\compiler\msp430_4.2.1\lib\</path>
         <kind>archive</kind>
         <file>rts430x_lc_sd_eabi.lib</file>
         <name>int54.obj</name>
      </input_file>
      <input_file id="fl-70">
         <path>C:\ti\ccsv5\tools\compiler\msp430_4.2.1\lib\</path>
         <kind>archive</kind>
         <file>rts430x_lc_sd_eabi.lib</file>
         <name>int55.obj</name>
      </input_file>
      <input_file id="fl-71">
         <path>C:\ti\ccsv5\tools\compiler\msp430_4.2.1\lib\</path>
         <kind>archive</kind>
         <file>rts430x_lc_sd_eabi.lib</file>
         <name>int56.obj</name>
      </input_file>
      <input_file id="fl-72">
         <path>C:\ti\ccsv5\tools\compiler\msp430_4.2.1\lib\</path>
         <kind>archive</kind>
         <file>rts430x_lc_sd_eabi.lib</file>
         <name>int57.obj</name>
      </input_file>
      <input_file id="fl-73">
         <path>C:\ti\ccsv5\tools\compiler\msp430_4.2.1\lib\</path>
         <kind>archive</kind>
         <file>rts430x_lc_sd_eabi.lib</file>
         <name>int58.obj</name>
      </input_file>
      <input_file id="fl-74">
         <path>C:\ti\ccsv5\tools\compiler\msp430_4.2.1\lib\</path>
         <kind>archive</kind>
         <file>rts430x_lc_sd_eabi.lib</file>
         <name>int59.obj</name>
      </input_file>
      <input_file id="fl-75">
         <path>C:\ti\ccsv5\tools\compiler\msp430_4.2.1\lib\</path>
         <kind>archive</kind>
         <file>rts430x_lc_sd_eabi.lib</file>
         <name>int60.obj</name>
      </input_file>
      <input_file id="fl-76">
         <path>C:\ti\ccsv5\tools\compiler\msp430_4.2.1\lib\</path>
         <kind>archive</kind>
         <file>rts430x_lc_sd_eabi.lib</file>
         <name>int62.obj</name>
      </input_file>
      <input_file id="fl-77">
         <path>C:\ti\ccsv5\tools\compiler\msp430_4.2.1\lib\</path>
         <kind>archive</kind>
         <file>rts430x_lc_sd_eabi.lib</file>
         <name>isr_trap.obj</name>
      </input_file>
      <input_file id="fl-78">
         <path>C:\ti\ccsv5\tools\compiler\msp430_4.2.1\lib\</path>
         <kind>archive</kind>
         <file>rts430x_lc_sd_eabi.lib</file>
         <name>lsl16.obj</name>
      </input_file>
      <input_file id="fl-79">
         <path>C:\ti\ccsv5\tools\compiler\msp430_4.2.1\lib\</path>
         <kind>archive</kind>
         <file>rts430x_lc_sd_eabi.lib</file>
         <name>lsl32.obj</name>
      </input_file>
      <input_file id="fl-7a">
         <path>C:\ti\ccsv5\tools\compiler\msp430_4.2.1\lib\</path>
         <kind>archive</kind>
         <file>rts430x_lc_sd_eabi.lib</file>
         <name>lsr16.obj</name>
      </input_file>
      <input_file id="fl-7b">
         <path>C:\ti\ccsv5\tools\compiler\msp430_4.2.1\lib\</path>
         <kind>archive</kind>
         <file>rts430x_lc_sd_eabi.lib</file>
         <name>lsr32.obj</name>
      </input_file>
      <input_file id="fl-7c">
         <path>C:\ti\ccsv5\tools\compiler\msp430_4.2.1\lib\</path>
         <kind>archive</kind>
         <file>rts430x_lc_sd_eabi.lib</file>
         <name>memcpy.obj</name>
      </input_file>
      <input_file id="fl-7d">
         <path>C:\ti\ccsv5\tools\compiler\msp430_4.2.1\lib\</path>
         <kind>archive</kind>
         <file>rts430x_lc_sd_eabi.lib</file>
         <name>memset.obj</name>
      </input_file>
      <input_file id="fl-7e">
         <path>C:\ti\ccsv5\tools\compiler\msp430_4.2.1\lib\</path>
         <kind>archive</kind>
         <file>rts430x_lc_sd_eabi.lib</file>
         <name>mult16_f5hw.obj</name>
      </input_file>
      <input_file id="fl-7f">
         <path>C:\ti\ccsv5\tools\compiler\msp430_4.2.1\lib\</path>
         <kind>archive</kind>
         <file>rts430x_lc_sd_eabi.lib</file>
         <name>mult32_f5hw.obj</name>
      </input_file>
      <input_file id="fl-80">
         <path>C:\ti\ccsv5\tools\compiler\msp430_4.2.1\lib\</path>
         <kind>archive</kind>
         <file>rts430x_lc_sd_eabi.lib</file>
         <name>_lock.obj</name>
      </input_file>
      <input_file id="fl-81">
         <path>C:\ti\ccsv5\tools\compiler\msp430_4.2.1\lib\</path>
         <kind>archive</kind>
         <file>rts430x_lc_sd_eabi.lib</file>
         <name>args_main.obj</name>
      </input_file>
      <input_file id="fl-82">
         <path>C:\ti\ccsv5\tools\compiler\msp430_4.2.1\lib\</path>
         <kind>archive</kind>
         <file>rts430x_lc_sd_eabi.lib</file>
         <name>autoinit.obj</name>
      </input_file>
   </input_file_list>
   <object_component_list>
      <object_component id="oc-93">
         <name>.stack</name>
         <uninitialized>true</uninitialized>
         <run_address>0x4360</run_address>
         <size>0x2</size>
         <input_file_ref idref="fl-5a"/>
      </object_component>
      <object_component id="oc-528">
         <name>.stack</name>
         <uninitialized>true</uninitialized>
         <run_address>0x4360</run_address>
         <size>0x0</size>
      </object_component>
      <object_component id="oc-125">
         <name>.text:USBCDC_receiveData</name>
         <load_address>0x4810</load_address>
         <run_address>0x4810</run_address>
         <size>0x192</size>
         <input_file_ref idref="fl-2"/>
      </object_component>
      <object_component id="oc-193">
         <name>.text:CdcToHostFromBuffer</name>
         <load_address>0x49a2</load_address>
         <run_address>0x49a2</run_address>
         <size>0x13c</size>
         <input_file_ref idref="fl-2"/>
      </object_component>
      <object_component id="oc-a4">
         <name>.text:main</name>
         <load_address>0x4ade</load_address>
         <run_address>0x4ade</run_address>
         <size>0x128</size>
         <input_file_ref idref="fl-38"/>
      </object_component>
      <object_component id="oc-16c">
         <name>.text:USB_reset</name>
         <load_address>0x4c06</load_address>
         <run_address>0x4c06</run_address>
         <size>0x120</size>
         <input_file_ref idref="fl-4"/>
      </object_component>
      <object_component id="oc-151">
         <name>.text:CdcToBufferFromHost</name>
         <load_address>0x4d26</load_address>
         <run_address>0x4d26</run_address>
         <size>0xf6</size>
         <input_file_ref idref="fl-2"/>
      </object_component>
      <object_component id="oc-2c5">
         <name>.text:UCS_initFLL</name>
         <load_address>0x4e1c</load_address>
         <run_address>0x4e1c</run_address>
         <size>0xe0</size>
         <input_file_ref idref="fl-14"/>
      </object_component>
      <object_component id="oc-d0">
         <name>.text:__TI_decompress_rle_core</name>
         <load_address>0x4efc</load_address>
         <run_address>0x4efc</run_address>
         <size>0xd8</size>
         <input_file_ref idref="fl-5c"/>
      </object_component>
      <object_component id="oc-208">
         <name>.text:USB_enable</name>
         <load_address>0x4fd4</load_address>
         <run_address>0x4fd4</run_address>
         <size>0xd2</size>
         <input_file_ref idref="fl-4"/>
      </object_component>
      <object_component id="oc-1d3">
         <name>.text:PMM_setVCoreUp</name>
         <load_address>0x50a6</load_address>
         <run_address>0x50a6</run_address>
         <size>0xce</size>
         <input_file_ref idref="fl-22"/>
      </object_component>
      <object_component id="oc-2d3">
         <name>.text:USB_InitSerialStringDescriptor</name>
         <load_address>0x5174</load_address>
         <run_address>0x5174</run_address>
         <size>0xba</size>
         <input_file_ref idref="fl-4"/>
      </object_component>
      <object_component id="oc-12a">
         <name>.text:config_adcs</name>
         <load_address>0x522e</load_address>
         <run_address>0x522e</run_address>
         <size>0xb8</size>
         <input_file_ref idref="fl-38"/>
      </object_component>
      <object_component id="oc-27f">
         <name>.text:USB_determineFreq</name>
         <load_address>0x52e6</load_address>
         <run_address>0x52e6</run_address>
         <size>0xae</size>
         <input_file_ref idref="fl-4"/>
      </object_component>
      <object_component id="oc-224">
         <name>.text:USBCDC_getInterfaceStatus</name>
         <load_address>0x5394</load_address>
         <run_address>0x5394</run_address>
         <size>0xa8</size>
         <input_file_ref idref="fl-2"/>
      </object_component>
      <object_component id="oc-fd">
         <name>.text:USBHAL_initPorts</name>
         <load_address>0x543c</load_address>
         <run_address>0x543c</run_address>
         <size>0x98</size>
         <input_file_ref idref="fl-39"/>
      </object_component>
      <object_component id="oc-12f">
         <name>.text:USB_getConnectionState</name>
         <load_address>0x54d4</load_address>
         <run_address>0x54d4</run_address>
         <size>0x96</size>
         <input_file_ref idref="fl-4"/>
      </object_component>
      <object_component id="oc-1ce">
         <name>.text:PMM_setVCoreDown</name>
         <load_address>0x556a</load_address>
         <run_address>0x556a</run_address>
         <size>0x94</size>
         <input_file_ref idref="fl-22"/>
      </object_component>
      <object_component id="oc-1e9">
         <name>.text:UCS_initClockSignal</name>
         <load_address>0x55fe</load_address>
         <run_address>0x55fe</run_address>
         <size>0x8c</size>
         <input_file_ref idref="fl-14"/>
      </object_component>
      <object_component id="oc-1fd">
         <name>.text:USB_init</name>
         <load_address>0x568a</load_address>
         <run_address>0x568a</run_address>
         <size>0x82</size>
         <input_file_ref idref="fl-4"/>
      </object_component>
      <object_component id="oc-253">
         <name>.text:usbDecodeAndProcessUsbRequest</name>
         <load_address>0x570c</load_address>
         <run_address>0x570c</run_address>
         <size>0x7a</size>
         <input_file_ref idref="fl-4"/>
      </object_component>
      <object_component id="oc-145">
         <name>.text:USBCDC_getBytesInUSBBuffer</name>
         <load_address>0x5786</load_address>
         <run_address>0x5786</run_address>
         <size>0x76</size>
         <input_file_ref idref="fl-2"/>
      </object_component>
      <object_component id="oc-229">
         <name>.text:USBCDC_sendData</name>
         <load_address>0x57fc</load_address>
         <run_address>0x57fc</run_address>
         <size>0x74</size>
         <input_file_ref idref="fl-2"/>
      </object_component>
      <object_component id="oc-9f">
         <name>.text:_auto_init</name>
         <load_address>0x5870</load_address>
         <run_address>0x5870</run_address>
         <size>0x70</size>
         <input_file_ref idref="fl-82"/>
      </object_component>
      <object_component id="oc-2ab">
         <name>.text:usbSendNextPacketOnIEP0</name>
         <load_address>0x58e0</load_address>
         <run_address>0x58e0</run_address>
         <size>0x70</size>
         <input_file_ref idref="fl-4"/>
      </object_component>
      <object_component id="oc-3d0">
         <name>.text:usbGetEndpointStatus</name>
         <load_address>0x5950</load_address>
         <run_address>0x5950</run_address>
         <size>0x6c</size>
         <input_file_ref idref="fl-4"/>
      </object_component>
      <object_component id="oc-177">
         <name>.text:PWRVBUSoffHandler</name>
         <load_address>0x59bc</load_address>
         <run_address>0x59bc</run_address>
         <size>0x6a</size>
         <input_file_ref idref="fl-e"/>
      </object_component>
      <object_component id="oc-120">
         <name>.text:USBCDC_sendDataInBackground</name>
         <load_address>0x5a26</load_address>
         <run_address>0x5a26</run_address>
         <size>0x6a</size>
         <input_file_ref idref="fl-c"/>
      </object_component>
      <object_component id="oc-10c">
         <name>.text:init_msp</name>
         <load_address>0x5a90</load_address>
         <run_address>0x5a90</run_address>
         <size>0x62</size>
         <input_file_ref idref="fl-38"/>
      </object_component>
      <object_component id="oc-23e">
         <name>.text:CopyUsbToBuff</name>
         <load_address>0x5af2</load_address>
         <run_address>0x5af2</run_address>
         <size>0x60</size>
         <input_file_ref idref="fl-2"/>
      </object_component>
      <object_component id="oc-2a4">
         <name>.text:Handler_SetLineCoding</name>
         <load_address>0x5b52</load_address>
         <run_address>0x5b52</run_address>
         <size>0x5e</size>
         <input_file_ref idref="fl-2"/>
      </object_component>
      <object_component id="oc-182">
         <name>.text:PWRVBUSonHandler</name>
         <load_address>0x5bb0</load_address>
         <run_address>0x5bb0</run_address>
         <size>0x5e</size>
         <input_file_ref idref="fl-e"/>
      </object_component>
      <object_component id="oc-382">
         <name>.text:DMA_init</name>
         <load_address>0x5c0e</load_address>
         <run_address>0x5c0e</run_address>
         <size>0x5c</size>
         <input_file_ref idref="fl-2e"/>
      </object_component>
      <object_component id="oc-2d8">
         <name>.text:USB_initMemcpy</name>
         <load_address>0x5c6a</load_address>
         <run_address>0x5c6a</run_address>
         <size>0x5c</size>
         <input_file_ref idref="fl-3"/>
      </object_component>
      <object_component id="oc-387">
         <name>.text:memcpyDMA</name>
         <load_address>0x5cc6</load_address>
         <run_address>0x5cc6</run_address>
         <size>0x5a</size>
         <input_file_ref idref="fl-3"/>
      </object_component>
      <object_component id="oc-3a8">
         <name>.text:usbClearEndpointFeature</name>
         <load_address>0x5d20</load_address>
         <run_address>0x5d20</run_address>
         <size>0x5a</size>
         <input_file_ref idref="fl-4"/>
      </object_component>
      <object_component id="oc-1ee">
         <name>.text</name>
         <load_address>0x5d7a</load_address>
         <run_address>0x5d7a</run_address>
         <size>0x58</size>
         <input_file_ref idref="fl-62"/>
      </object_component>
      <object_component id="oc-394">
         <name>.text:usbGetLineCoding</name>
         <load_address>0x5dd2</load_address>
         <run_address>0x5dd2</run_address>
         <size>0x58</size>
         <input_file_ref idref="fl-2"/>
      </object_component>
      <object_component id="oc-111">
         <name>.text:init_adcs</name>
         <load_address>0x5e2a</load_address>
         <run_address>0x5e2a</run_address>
         <size>0x52</size>
         <input_file_ref idref="fl-38"/>
      </object_component>
      <object_component id="oc-3e4">
         <name>.text:usbSetEndpointFeature</name>
         <load_address>0x5e7c</load_address>
         <run_address>0x5e7c</run_address>
         <size>0x52</size>
         <input_file_ref idref="fl-4"/>
      </object_component>
      <object_component id="oc-3bc">
         <name>.text:usbGetStringDescriptor</name>
         <load_address>0x5ece</load_address>
         <run_address>0x5ece</run_address>
         <size>0x4e</size>
         <input_file_ref idref="fl-4"/>
      </object_component>
      <object_component id="oc-107">
         <name>.text:USB_setup</name>
         <load_address>0x5f1c</load_address>
         <run_address>0x5f1c</run_address>
         <size>0x4a</size>
         <input_file_ref idref="fl-4"/>
      </object_component>
      <object_component id="oc-36e">
         <name>.text:TLV_getInfo</name>
         <load_address>0x5f66</load_address>
         <run_address>0x5f66</run_address>
         <size>0x48</size>
         <input_file_ref idref="fl-15"/>
      </object_component>
      <object_component id="oc-13b">
         <name>.text:SetupPacketInterruptHandler</name>
         <load_address>0x5fae</load_address>
         <run_address>0x5fae</run_address>
         <size>0x46</size>
         <input_file_ref idref="fl-e"/>
      </object_component>
      <object_component id="oc-29e">
         <name>.text:usbReceiveNextPacketOnOEP0</name>
         <load_address>0x5ff4</load_address>
         <run_address>0x5ff4</run_address>
         <size>0x46</size>
         <input_file_ref idref="fl-4"/>
      </object_component>
      <object_component id="oc-2e4">
         <name>.text:UCS_turnOnXT2WithTimeout</name>
         <load_address>0x603a</load_address>
         <run_address>0x603a</run_address>
         <size>0x40</size>
         <input_file_ref idref="fl-14"/>
      </object_component>
      <object_component id="oc-be">
         <name>.text:__memcpy_far</name>
         <load_address>0x607a</load_address>
         <run_address>0x607a</run_address>
         <size>0x40</size>
         <input_file_ref idref="fl-5e"/>
      </object_component>
      <object_component id="oc-102">
         <name>.text:USBHAL_initClocks</name>
         <load_address>0x60ba</load_address>
         <run_address>0x60ba</run_address>
         <size>0x3e</size>
         <input_file_ref idref="fl-39"/>
      </object_component>
      <object_component id="oc-89">
         <name>.text:decompress:ZI:__TI_zero_init</name>
         <load_address>0x60f8</load_address>
         <run_address>0x60f8</run_address>
         <size>0x3e</size>
         <input_file_ref idref="fl-5d"/>
      </object_component>
      <object_component id="oc-340">
         <name>.text:l_lsl_const</name>
         <load_address>0x6136</load_address>
         <run_address>0x6136</run_address>
         <size>0x3e</size>
         <input_file_ref idref="fl-79"/>
      </object_component>
      <object_component id="oc-1f2">
         <name>.text:l_lsr_const</name>
         <load_address>0x6174</load_address>
         <run_address>0x6174</run_address>
         <size>0x3e</size>
         <input_file_ref idref="fl-7b"/>
      </object_component>
      <object_component id="oc-84">
         <name>.text:decompress:none:__TI_decompress_none</name>
         <load_address>0x61b2</load_address>
         <run_address>0x61b2</run_address>
         <size>0x3c</size>
         <input_file_ref idref="fl-5b"/>
      </object_component>
      <object_component id="oc-f8">
         <name>.text:PMM_setVCore</name>
         <load_address>0x61ee</load_address>
         <run_address>0x61ee</run_address>
         <size>0x3a</size>
         <input_file_ref idref="fl-22"/>
      </object_component>
      <object_component id="oc-198">
         <name>.text:OEP0InterruptHandler</name>
         <load_address>0x6228</load_address>
         <run_address>0x6228</run_address>
         <size>0x38</size>
         <input_file_ref idref="fl-e"/>
      </object_component>
      <object_component id="oc-3d5">
         <name>.text:usbSetAddress</name>
         <load_address>0x6260</load_address>
         <run_address>0x6260</run_address>
         <size>0x34</size>
         <input_file_ref idref="fl-4"/>
      </object_component>
      <object_component id="oc-1f6">
         <name>.text:UCS_initFLLSettle</name>
         <load_address>0x6294</load_address>
         <run_address>0x6294</run_address>
         <size>0x32</size>
         <input_file_ref idref="fl-14"/>
      </object_component>
      <object_component id="oc-203">
         <name>.text:USB_getConnectionInformation</name>
         <load_address>0x62c6</load_address>
         <run_address>0x62c6</run_address>
         <size>0x32</size>
         <input_file_ref idref="fl-4"/>
      </object_component>
      <object_component id="oc-161">
         <name>.text:USB_suspend</name>
         <load_address>0x62f8</load_address>
         <run_address>0x62f8</run_address>
         <size>0x30</size>
         <input_file_ref idref="fl-4"/>
      </object_component>
      <object_component id="oc-278">
         <name>.text:CdcResetData</name>
         <load_address>0x6328</load_address>
         <run_address>0x6328</run_address>
         <size>0x2e</size>
         <input_file_ref idref="fl-2"/>
      </object_component>
      <object_component id="oc-3da">
         <name>.text:usbSetConfiguration</name>
         <load_address>0x6356</load_address>
         <run_address>0x6356</run_address>
         <size>0x2e</size>
         <input_file_ref idref="fl-4"/>
      </object_component>
      <object_component id="oc-3c6">
         <name>.text:usbGetDeviceStatus</name>
         <load_address>0x6384</load_address>
         <run_address>0x6384</run_address>
         <size>0x2a</size>
         <input_file_ref idref="fl-4"/>
      </object_component>
      <object_component id="oc-40c">
         <name>.text:DMA_setDstAddress</name>
         <load_address>0x63ae</load_address>
         <run_address>0x63ae</run_address>
         <size>0x26</size>
         <input_file_ref idref="fl-2e"/>
      </object_component>
      <object_component id="oc-407">
         <name>.text:DMA_setSrcAddress</name>
         <load_address>0x63d4</load_address>
         <run_address>0x63d4</run_address>
         <size>0x24</size>
         <input_file_ref idref="fl-2e"/>
      </object_component>
      <object_component id="oc-3a3">
         <name>.text:usbClearDeviceFeature</name>
         <load_address>0x63f8</load_address>
         <run_address>0x63f8</run_address>
         <size>0x24</size>
         <input_file_ref idref="fl-4"/>
      </object_component>
      <object_component id="oc-3df">
         <name>.text:usbSetDeviceFeature</name>
         <load_address>0x641c</load_address>
         <run_address>0x641c</run_address>
         <size>0x24</size>
         <input_file_ref idref="fl-4"/>
      </object_component>
      <object_component id="oc-1a4">
         <name>.text:USB_disable</name>
         <load_address>0x6440</load_address>
         <run_address>0x6440</run_address>
         <size>0x22</size>
         <input_file_ref idref="fl-4"/>
      </object_component>
      <object_component id="oc-43a">
         <name>.text:usbSendDataPacketOnEP0</name>
         <load_address>0x6462</load_address>
         <run_address>0x6462</run_address>
         <size>0x20</size>
         <input_file_ref idref="fl-4"/>
      </object_component>
      <object_component id="oc-3c1">
         <name>.text:usbGetInterface</name>
         <load_address>0x6482</load_address>
         <run_address>0x6482</run_address>
         <size>0x1e</size>
         <input_file_ref idref="fl-4"/>
      </object_component>
      <object_component id="oc-3cb">
         <name>.text:usbGetInterfaceStatus</name>
         <load_address>0x64a0</load_address>
         <run_address>0x64a0</run_address>
         <size>0x1e</size>
         <input_file_ref idref="fl-4"/>
      </object_component>
      <object_component id="oc-19d">
         <name>.text:IEP0InterruptHandler</name>
         <load_address>0x64be</load_address>
         <run_address>0x64be</run_address>
         <size>0x1c</size>
         <input_file_ref idref="fl-e"/>
      </object_component>
      <object_component id="oc-118">
         <name>.text:transferAndReceive</name>
         <load_address>0x64da</load_address>
         <run_address>0x64da</run_address>
         <size>0x1c</size>
         <input_file_ref idref="fl-38"/>
      </object_component>
      <object_component id="oc-1de">
         <name>.text:GPIO_setAsOutputPin</name>
         <load_address>0x64f6</load_address>
         <run_address>0x64f6</run_address>
         <size>0x1a</size>
         <input_file_ref idref="fl-28"/>
      </object_component>
      <object_component id="oc-2df">
         <name>.text:GPIO_setAsPeripheralModuleFunctionOutputPin</name>
         <load_address>0x6510</load_address>
         <run_address>0x6510</run_address>
         <size>0x1a</size>
         <input_file_ref idref="fl-28"/>
      </object_component>
      <object_component id="oc-287">
         <name>.text:USB_connect</name>
         <load_address>0x652a</load_address>
         <run_address>0x652a</run_address>
         <size>0x1a</size>
         <input_file_ref idref="fl-4"/>
      </object_component>
      <object_component id="oc-37b">
         <name>.text:memcpyV</name>
         <load_address>0x6544</load_address>
         <run_address>0x6544</run_address>
         <size>0x1a</size>
         <input_file_ref idref="fl-3"/>
      </object_component>
      <object_component id="oc-2ea">
         <name>.text:usbDisableInEndpointInterrupt</name>
         <load_address>0x655e</load_address>
         <run_address>0x655e</run_address>
         <size>0x1a</size>
         <input_file_ref idref="fl-4"/>
      </object_component>
      <object_component id="oc-232">
         <name>.text:usbDisableOutEndpointInterrupt</name>
         <load_address>0x6578</load_address>
         <run_address>0x6578</run_address>
         <size>0x1a</size>
         <input_file_ref idref="fl-4"/>
      </object_component>
      <object_component id="oc-3e9">
         <name>.text:usbSetInterface</name>
         <load_address>0x6592</load_address>
         <run_address>0x6592</run_address>
         <size>0x1a</size>
         <input_file_ref idref="fl-4"/>
      </object_component>
      <object_component id="oc-156">
         <name>.text:USB_resume</name>
         <load_address>0x65ac</load_address>
         <run_address>0x65ac</run_address>
         <size>0x18</size>
         <input_file_ref idref="fl-4"/>
      </object_component>
      <object_component id="oc-1e3">
         <name>.text:GPIO_setOutputLowOnPin</name>
         <load_address>0x65c4</load_address>
         <run_address>0x65c4</run_address>
         <size>0x16</size>
         <input_file_ref idref="fl-28"/>
      </object_component>
      <object_component id="oc-325">
         <name>.text</name>
         <load_address>0x65da</load_address>
         <run_address>0x65da</run_address>
         <size>0x16</size>
         <input_file_ref idref="fl-60"/>
      </object_component>
      <object_component id="oc-28e">
         <name>.text</name>
         <load_address>0x65f0</load_address>
         <run_address>0x65f0</run_address>
         <size>0x16</size>
         <input_file_ref idref="fl-7e"/>
      </object_component>
      <object_component id="oc-3b7">
         <name>.text:usbGetConfigurationDescriptor</name>
         <load_address>0x6606</load_address>
         <run_address>0x6606</run_address>
         <size>0x16</size>
         <input_file_ref idref="fl-4"/>
      </object_component>
      <object_component id="oc-3b2">
         <name>.text:usbGetDeviceDescriptor</name>
         <load_address>0x661c</load_address>
         <run_address>0x661c</run_address>
         <size>0x16</size>
         <input_file_ref idref="fl-4"/>
      </object_component>
      <object_component id="oc-188">
         <name>.text:USB_handleVbusOnEvent</name>
         <load_address>0x6632</load_address>
         <run_address>0x6632</run_address>
         <size>0x14</size>
         <input_file_ref idref="fl-b"/>
      </object_component>
      <object_component id="oc-ec">
         <name>.text:WDT_A_hold</name>
         <load_address>0x6646</load_address>
         <run_address>0x6646</run_address>
         <size>0x14</size>
         <input_file_ref idref="fl-f"/>
      </object_component>
      <object_component id="oc-31c">
         <name>.text:memset</name>
         <load_address>0x665a</load_address>
         <run_address>0x665a</run_address>
         <size>0x14</size>
         <input_file_ref idref="fl-7d"/>
      </object_component>
      <object_component id="oc-3ad">
         <name>.text:usbGetConfiguration</name>
         <load_address>0x666e</load_address>
         <run_address>0x666e</run_address>
         <size>0x14</size>
         <input_file_ref idref="fl-4"/>
      </object_component>
      <object_component id="oc-441">
         <name>.text:usbReceiveDataPacketOnEP0</name>
         <load_address>0x6682</load_address>
         <run_address>0x6682</run_address>
         <size>0x14</size>
         <input_file_ref idref="fl-4"/>
      </object_component>
      <object_component id="oc-39e">
         <name>.text:usbSetControlLineState</name>
         <load_address>0x6696</load_address>
         <run_address>0x6696</run_address>
         <size>0x14</size>
         <input_file_ref idref="fl-2"/>
      </object_component>
      <object_component id="oc-140">
         <name>.text:CdcIsReceiveInProgress</name>
         <load_address>0x66aa</load_address>
         <run_address>0x66aa</run_address>
         <size>0x12</size>
         <input_file_ref idref="fl-2"/>
      </object_component>
      <object_component id="oc-f3">
         <name>.text:memcpy</name>
         <load_address>0x66bc</load_address>
         <run_address>0x66bc</run_address>
         <size>0x12</size>
         <input_file_ref idref="fl-7c"/>
      </object_component>
      <object_component id="oc-3ee">
         <name>.text:usbInvalidRequest</name>
         <load_address>0x66ce</load_address>
         <run_address>0x66ce</run_address>
         <size>0x12</size>
         <input_file_ref idref="fl-4"/>
      </object_component>
      <object_component id="oc-8e">
         <name>.text:decompress:rle24:__TI_decompress_rle24</name>
         <load_address>0x66e0</load_address>
         <run_address>0x66e0</run_address>
         <size>0xe</size>
         <input_file_ref idref="fl-5c"/>
      </object_component>
      <object_component id="oc-44c">
         <name>.text:usbSendZeroLengthPacketOnIEP0</name>
         <load_address>0x66ee</load_address>
         <run_address>0x66ee</run_address>
         <size>0xe</size>
         <input_file_ref idref="fl-4"/>
      </object_component>
      <object_component id="oc-425">
         <name>.text:DMA_getInterruptStatus</name>
         <load_address>0x66fc</load_address>
         <run_address>0x66fc</run_address>
         <size>0xc</size>
         <input_file_ref idref="fl-2e"/>
      </object_component>
      <object_component id="oc-399">
         <name>.text:usbSetLineCoding</name>
         <load_address>0x6708</load_address>
         <run_address>0x6708</run_address>
         <size>0xc</size>
         <input_file_ref idref="fl-2"/>
      </object_component>
      <object_component id="oc-42a">
         <name>.text:DMA_disableTransfers</name>
         <load_address>0x6714</load_address>
         <run_address>0x6714</run_address>
         <size>0xa</size>
         <input_file_ref idref="fl-2e"/>
      </object_component>
      <object_component id="oc-41b">
         <name>.text:DMA_enableTransfers</name>
         <load_address>0x671e</load_address>
         <run_address>0x671e</run_address>
         <size>0xa</size>
         <input_file_ref idref="fl-2e"/>
      </object_component>
      <object_component id="oc-9a">
         <name>.text:_system_pre_init</name>
         <load_address>0x6728</load_address>
         <run_address>0x6728</run_address>
         <size>0xa</size>
         <input_file_ref idref="fl-37"/>
      </object_component>
      <object_component id="oc-2f8">
         <name>.text</name>
         <load_address>0x6732</load_address>
         <run_address>0x6732</run_address>
         <size>0xa</size>
         <input_file_ref idref="fl-78"/>
      </object_component>
      <object_component id="oc-329">
         <name>.text</name>
         <load_address>0x673c</load_address>
         <run_address>0x673c</run_address>
         <size>0xa</size>
         <input_file_ref idref="fl-7a"/>
      </object_component>
      <object_component id="oc-416">
         <name>.text:DMA_setTransferSize</name>
         <load_address>0x6746</load_address>
         <run_address>0x6746</run_address>
         <size>0x8</size>
         <input_file_ref idref="fl-2e"/>
      </object_component>
      <object_component id="oc-420">
         <name>.text:DMA_startTransfer</name>
         <load_address>0x674e</load_address>
         <run_address>0x674e</run_address>
         <size>0x8</size>
         <input_file_ref idref="fl-2e"/>
      </object_component>
      <object_component id="oc-26b">
         <name>.text:UCS_turnOffXT2</name>
         <load_address>0x6756</load_address>
         <run_address>0x6756</run_address>
         <size>0x8</size>
         <input_file_ref idref="fl-14"/>
      </object_component>
      <object_component id="oc-14c">
         <name>.text:USBCDC_handleDataReceived</name>
         <load_address>0x675e</load_address>
         <run_address>0x675e</run_address>
         <size>0x8</size>
         <input_file_ref idref="fl-b"/>
      </object_component>
      <object_component id="oc-244">
         <name>.text:USBCDC_handleReceiveCompleted</name>
         <load_address>0x6766</load_address>
         <run_address>0x6766</run_address>
         <size>0x8</size>
         <input_file_ref idref="fl-b"/>
      </object_component>
      <object_component id="oc-294">
         <name>.text:USBCDC_handleSendCompleted</name>
         <load_address>0x676e</load_address>
         <run_address>0x676e</run_address>
         <size>0x8</size>
         <input_file_ref idref="fl-b"/>
      </object_component>
      <object_component id="oc-17d">
         <name>.text:USB_handleVbusOffEvent</name>
         <load_address>0x6776</load_address>
         <run_address>0x6776</run_address>
         <size>0x8</size>
         <input_file_ref idref="fl-b"/>
      </object_component>
      <object_component id="oc-402">
         <name>.text:DMA_disableTransferDuringReadModifyWrite</name>
         <load_address>0x677e</load_address>
         <run_address>0x677e</run_address>
         <size>0x6</size>
         <input_file_ref idref="fl-2e"/>
      </object_component>
      <object_component id="oc-411">
         <name>.text:DMA_enableTransferDuringReadModifyWrite</name>
         <load_address>0x6784</load_address>
         <run_address>0x6784</run_address>
         <size>0x6</size>
         <input_file_ref idref="fl-2e"/>
      </object_component>
      <object_component id="oc-1ae">
         <name>.text:SFR_clearInterrupt</name>
         <load_address>0x678a</load_address>
         <run_address>0x678a</run_address>
         <size>0x6</size>
         <input_file_ref idref="fl-1b"/>
      </object_component>
      <object_component id="oc-1a9">
         <name>.text:UCS_clearFaultFlag</name>
         <load_address>0x6790</load_address>
         <run_address>0x6790</run_address>
         <size>0x6</size>
         <input_file_ref idref="fl-14"/>
      </object_component>
      <object_component id="oc-2cd">
         <name>.text:USB_getVersion</name>
         <load_address>0x6796</load_address>
         <run_address>0x6796</run_address>
         <size>0x6</size>
         <input_file_ref idref="fl-4"/>
      </object_component>
      <object_component id="oc-96">
         <name>.text:__TI_ISR_TRAP</name>
         <load_address>0x679c</load_address>
         <run_address>0x679c</run_address>
         <size>0x6</size>
         <input_file_ref idref="fl-77"/>
      </object_component>
      <object_component id="oc-2f1">
         <name>.text:usbRestoreInEndpointInterrupt</name>
         <load_address>0x67a2</load_address>
         <run_address>0x67a2</run_address>
         <size>0x6</size>
         <input_file_ref idref="fl-4"/>
      </object_component>
      <object_component id="oc-249">
         <name>.text:usbRestoreOutEndpointInterrupt</name>
         <load_address>0x67a8</load_address>
         <run_address>0x67a8</run_address>
         <size>0x6</size>
         <input_file_ref idref="fl-4"/>
      </object_component>
      <object_component id="oc-447">
         <name>.text:USBCDC_handleSetControlLineState</name>
         <load_address>0x67ae</load_address>
         <run_address>0x67ae</run_address>
         <size>0x4</size>
         <input_file_ref idref="fl-b"/>
      </object_component>
      <object_component id="oc-34b">
         <name>.text:USBCDC_handleSetLineCoding</name>
         <load_address>0x67b2</load_address>
         <run_address>0x67b2</run_address>
         <size>0x4</size>
         <input_file_ref idref="fl-b"/>
      </object_component>
      <object_component id="oc-18e">
         <name>.text:USB_handleClockEvent</name>
         <load_address>0x67b6</load_address>
         <run_address>0x67b6</run_address>
         <size>0x4</size>
         <input_file_ref idref="fl-b"/>
      </object_component>
      <object_component id="oc-48a">
         <name>.text:USB_handleEnumerationCompleteEvent</name>
         <load_address>0x67ba</load_address>
         <run_address>0x67ba</run_address>
         <size>0x4</size>
         <input_file_ref idref="fl-b"/>
      </object_component>
      <object_component id="oc-172">
         <name>.text:USB_handleResetEvent</name>
         <load_address>0x67be</load_address>
         <run_address>0x67be</run_address>
         <size>0x4</size>
         <input_file_ref idref="fl-b"/>
      </object_component>
      <object_component id="oc-15c">
         <name>.text:USB_handleResumeEvent</name>
         <load_address>0x67c2</load_address>
         <run_address>0x67c2</run_address>
         <size>0x4</size>
         <input_file_ref idref="fl-b"/>
      </object_component>
      <object_component id="oc-167">
         <name>.text:USB_handleSuspendEvent</name>
         <load_address>0x67c6</load_address>
         <run_address>0x67c6</run_address>
         <size>0x4</size>
         <input_file_ref idref="fl-b"/>
      </object_component>
      <object_component id="oc-a9">
         <name>.text:abort</name>
         <load_address>0x67ca</load_address>
         <run_address>0x67ca</run_address>
         <size>0x4</size>
         <input_file_ref idref="fl-63"/>
      </object_component>
      <object_component id="oc-af">
         <name>.text:_isr:iUsbInterruptHandler</name>
         <load_address>0x467c</load_address>
         <run_address>0x467c</run_address>
         <size>0x12a</size>
         <input_file_ref idref="fl-e"/>
      </object_component>
      <object_component id="oc-b9">
         <name>.text:_isr:UNMI_ISR</name>
         <load_address>0x47a6</load_address>
         <run_address>0x47a6</run_address>
         <size>0x3e</size>
         <input_file_ref idref="fl-38"/>
      </object_component>
      <object_component id="oc-72">
         <name>.text:_isr:_c_int00_noexit</name>
         <load_address>0x47e4</load_address>
         <run_address>0x47e4</run_address>
         <size>0x1a</size>
         <input_file_ref idref="fl-5a"/>
      </object_component>
      <object_component id="oc-b4">
         <name>.text:_isr:Timer_A</name>
         <load_address>0x47fe</load_address>
         <run_address>0x47fe</run_address>
         <size>0x12</size>
         <input_file_ref idref="fl-38"/>
      </object_component>
      <object_component id="oc-527">
         <name>.cinit..data.load</name>
         <load_address>0x67ce</load_address>
         <run_address>0x67ce</run_address>
         <size>0xe</size>
      </object_component>
      <object_component id="oc-524">
         <name>__TI_handler_table</name>
         <load_address>0x67dc</load_address>
         <run_address>0x67dc</run_address>
         <size>0xc</size>
      </object_component>
      <object_component id="oc-526">
         <name>.cinit..bss.load</name>
         <load_address>0x67e8</load_address>
         <run_address>0x67e8</run_address>
         <size>0x6</size>
      </object_component>
      <object_component id="oc-525">
         <name>__TI_cinit_table</name>
         <load_address>0x67ee</load_address>
         <run_address>0x67ee</run_address>
         <size>0x10</size>
      </object_component>
      <object_component id="oc-317">
         <name>.const:tUsbRequestList</name>
         <load_address>0x4400</load_address>
         <run_address>0x4400</run_address>
         <size>0x10a</size>
         <input_file_ref idref="fl-d"/>
      </object_component>
      <object_component id="oc-466">
         <name>.const:.string:abromStringDescriptor</name>
         <load_address>0x450a</load_address>
         <run_address>0x450a</run_address>
         <size>0x8e</size>
         <input_file_ref idref="fl-d"/>
      </object_component>
      <object_component id="oc-463">
         <name>.const</name>
         <load_address>0x4598</load_address>
         <run_address>0x4598</run_address>
         <size>0x43</size>
         <input_file_ref idref="fl-d"/>
      </object_component>
      <object_component id="oc-f1">
         <name>.const</name>
         <load_address>0x45dc</load_address>
         <run_address>0x45dc</run_address>
         <size>0x36</size>
         <input_file_ref idref="fl-38"/>
      </object_component>
      <object_component id="oc-302">
         <name>.const:.string</name>
         <load_address>0x4612</load_address>
         <run_address>0x4612</run_address>
         <size>0x22</size>
         <input_file_ref idref="fl-4"/>
      </object_component>
      <object_component id="oc-2bd">
         <name>.const:GPIO_PORT_TO_BASE</name>
         <load_address>0x4634</load_address>
         <run_address>0x4634</run_address>
         <size>0x1c</size>
         <input_file_ref idref="fl-28"/>
      </object_component>
      <object_component id="oc-45f">
         <name>.const:.string:abromDeviceDescriptor</name>
         <load_address>0x4650</load_address>
         <run_address>0x4650</run_address>
         <size>0x12</size>
         <input_file_ref idref="fl-d"/>
      </object_component>
      <object_component id="oc-230">
         <name>.const:stUsbHandle</name>
         <load_address>0x4662</load_address>
         <run_address>0x4662</run_address>
         <size>0x10</size>
         <input_file_ref idref="fl-d"/>
      </object_component>
      <object_component id="oc-379">
         <name>.const</name>
         <load_address>0x4672</load_address>
         <run_address>0x4672</run_address>
         <size>0xa</size>
         <input_file_ref idref="fl-3"/>
      </object_component>
      <object_component id="oc-69">
         <name>.int41</name>
         <load_address>0xffd2</load_address>
         <run_address>0xffd2</run_address>
         <size>0x2</size>
         <input_file_ref idref="fl-64"/>
      </object_component>
      <object_component id="oc-6a">
         <name>.int42</name>
         <load_address>0xffd4</load_address>
         <run_address>0xffd4</run_address>
         <size>0x2</size>
         <input_file_ref idref="fl-65"/>
      </object_component>
      <object_component id="oc-6b">
         <name>.int43</name>
         <load_address>0xffd6</load_address>
         <run_address>0xffd6</run_address>
         <size>0x2</size>
         <input_file_ref idref="fl-66"/>
      </object_component>
      <object_component id="oc-6c">
         <name>.int44</name>
         <load_address>0xffd8</load_address>
         <run_address>0xffd8</run_address>
         <size>0x2</size>
         <input_file_ref idref="fl-67"/>
      </object_component>
      <object_component id="oc-6d">
         <name>.int45</name>
         <load_address>0xffda</load_address>
         <run_address>0xffda</run_address>
         <size>0x2</size>
         <input_file_ref idref="fl-68"/>
      </object_component>
      <object_component id="oc-6e">
         <name>.int46</name>
         <load_address>0xffdc</load_address>
         <run_address>0xffdc</run_address>
         <size>0x2</size>
         <input_file_ref idref="fl-69"/>
      </object_component>
      <object_component id="oc-6f">
         <name>.int47</name>
         <load_address>0xffde</load_address>
         <run_address>0xffde</run_address>
         <size>0x2</size>
         <input_file_ref idref="fl-6a"/>
      </object_component>
      <object_component id="oc-70">
         <name>.int48</name>
         <load_address>0xffe0</load_address>
         <run_address>0xffe0</run_address>
         <size>0x2</size>
         <input_file_ref idref="fl-6b"/>
      </object_component>
      <object_component id="oc-71">
         <name>.int49</name>
         <load_address>0xffe2</load_address>
         <run_address>0xffe2</run_address>
         <size>0x2</size>
         <input_file_ref idref="fl-6c"/>
      </object_component>
      <object_component id="oc-77">
         <name>.int50</name>
         <load_address>0xffe4</load_address>
         <run_address>0xffe4</run_address>
         <size>0x2</size>
         <input_file_ref idref="fl-6d"/>
      </object_component>
      <object_component id="oc-78">
         <name>.int51</name>
         <load_address>0xffe6</load_address>
         <run_address>0xffe6</run_address>
         <size>0x2</size>
         <input_file_ref idref="fl-e"/>
      </object_component>
      <object_component id="oc-79">
         <name>.int52</name>
         <load_address>0xffe8</load_address>
         <run_address>0xffe8</run_address>
         <size>0x2</size>
         <input_file_ref idref="fl-6e"/>
      </object_component>
      <object_component id="oc-7a">
         <name>.int53</name>
         <load_address>0xffea</load_address>
         <run_address>0xffea</run_address>
         <size>0x2</size>
         <input_file_ref idref="fl-38"/>
      </object_component>
      <object_component id="oc-7b">
         <name>.int54</name>
         <load_address>0xffec</load_address>
         <run_address>0xffec</run_address>
         <size>0x2</size>
         <input_file_ref idref="fl-6f"/>
      </object_component>
      <object_component id="oc-7c">
         <name>.int55</name>
         <load_address>0xffee</load_address>
         <run_address>0xffee</run_address>
         <size>0x2</size>
         <input_file_ref idref="fl-70"/>
      </object_component>
      <object_component id="oc-7d">
         <name>.int56</name>
         <load_address>0xfff0</load_address>
         <run_address>0xfff0</run_address>
         <size>0x2</size>
         <input_file_ref idref="fl-71"/>
      </object_component>
      <object_component id="oc-7e">
         <name>.int57</name>
         <load_address>0xfff2</load_address>
         <run_address>0xfff2</run_address>
         <size>0x2</size>
         <input_file_ref idref="fl-72"/>
      </object_component>
      <object_component id="oc-7f">
         <name>.int58</name>
         <load_address>0xfff4</load_address>
         <run_address>0xfff4</run_address>
         <size>0x2</size>
         <input_file_ref idref="fl-73"/>
      </object_component>
      <object_component id="oc-80">
         <name>.int59</name>
         <load_address>0xfff6</load_address>
         <run_address>0xfff6</run_address>
         <size>0x2</size>
         <input_file_ref idref="fl-74"/>
      </object_component>
      <object_component id="oc-81">
         <name>.int60</name>
         <load_address>0xfff8</load_address>
         <run_address>0xfff8</run_address>
         <size>0x2</size>
         <input_file_ref idref="fl-75"/>
      </object_component>
      <object_component id="oc-82">
         <name>.int61</name>
         <load_address>0xfffa</load_address>
         <run_address>0xfffa</run_address>
         <size>0x2</size>
         <input_file_ref idref="fl-38"/>
      </object_component>
      <object_component id="oc-83">
         <name>.int62</name>
         <load_address>0xfffc</load_address>
         <run_address>0xfffc</run_address>
         <size>0x2</size>
         <input_file_ref idref="fl-76"/>
      </object_component>
      <object_component id="oc-95">
         <name>.reset</name>
         <load_address>0xfffe</load_address>
         <run_address>0xfffe</run_address>
         <size>0x2</size>
         <input_file_ref idref="fl-5a"/>
      </object_component>
      <object_component id="oc-430">
         <name>.common:CdcControl</name>
         <uninitialized>true</uninitialized>
         <run_address>0x2472</run_address>
         <size>0x8</size>
      </object_component>
      <object_component id="oc-456">
         <name>.common:CdcWriteCtrl</name>
         <uninitialized>true</uninitialized>
         <run_address>0x2468</run_address>
         <size>0xa</size>
      </object_component>
      <object_component id="oc-457">
         <name>.common:CdcReadCtrl</name>
         <uninitialized>true</uninitialized>
         <run_address>0x2458</run_address>
         <size>0x10</size>
      </object_component>
      <object_component id="oc-38c">
         <name>.common:USB_TX_memcpy</name>
         <uninitialized>true</uninitialized>
         <run_address>0x248e</run_address>
         <size>0x4</size>
      </object_component>
      <object_component id="oc-38d">
         <name>.common:USB_RX_memcpy</name>
         <uninitialized>true</uninitialized>
         <run_address>0x248a</run_address>
         <size>0x4</size>
      </object_component>
      <object_component id="oc-487">
         <name>.common:bConfigurationNumber</name>
         <uninitialized>true</uninitialized>
         <run_address>0x249c</run_address>
         <size>0x1</size>
      </object_component>
      <object_component id="oc-497">
         <name>.common:bInterfaceNumber</name>
         <uninitialized>true</uninitialized>
         <run_address>0x249d</run_address>
         <size>0x1</size>
      </object_component>
      <object_component id="oc-4ab">
         <name>.common:pbIEP0Buffer</name>
         <uninitialized>true</uninitialized>
         <run_address>0x2492</run_address>
         <size>0x2</size>
      </object_component>
      <object_component id="oc-4af">
         <name>.common:pbOEP0Buffer</name>
         <uninitialized>true</uninitialized>
         <run_address>0x2494</run_address>
         <size>0x2</size>
      </object_component>
      <object_component id="oc-490">
         <name>.common:bRemoteWakeup</name>
         <uninitialized>true</uninitialized>
         <run_address>0x249e</run_address>
         <size>0x1</size>
      </object_component>
      <object_component id="oc-4b4">
         <name>.common:wBytesRemainingOnIEP0</name>
         <uninitialized>true</uninitialized>
         <run_address>0x2496</run_address>
         <size>0x2</size>
      </object_component>
      <object_component id="oc-4b0">
         <name>.common:wBytesRemainingOnOEP0</name>
         <uninitialized>true</uninitialized>
         <run_address>0x2498</run_address>
         <size>0x2</size>
      </object_component>
      <object_component id="oc-482">
         <name>.common:abUsbRequestReturnData</name>
         <uninitialized>true</uninitialized>
         <run_address>0x2482</run_address>
         <size>0x8</size>
      </object_component>
      <object_component id="oc-440">
         <name>.common:abUsbRequestIncomingData</name>
         <uninitialized>true</uninitialized>
         <run_address>0x247a</run_address>
         <size>0x8</size>
      </object_component>
      <object_component id="oc-46a">
         <name>.common:abramSerialStringDescriptor</name>
         <uninitialized>true</uninitialized>
         <run_address>0x2436</run_address>
         <size>0x22</size>
      </object_component>
      <object_component id="oc-4b5">
         <name>.common:bStatusAction</name>
         <uninitialized>true</uninitialized>
         <run_address>0x249f</run_address>
         <size>0x1</size>
      </object_component>
      <object_component id="oc-2d2">
         <name>.common:wUsbEventMask</name>
         <uninitialized>true</uninitialized>
         <run_address>0x249a</run_address>
         <size>0x2</size>
      </object_component>
      <object_component id="oc-11f">
         <name>.common:SPI_received</name>
         <uninitialized>true</uninitialized>
         <run_address>0x2400</run_address>
         <size>0x36</size>
      </object_component>
      <object_component id="oc-116">
         <name>.data</name>
         <load_address>0x24a0</load_address>
         <run_address>0x24a0</run_address>
         <size>0x6</size>
         <input_file_ref idref="fl-38"/>
      </object_component>
      <object_component id="oc-237">
         <name>.data</name>
         <load_address>0x24a6</load_address>
         <run_address>0x24a6</run_address>
         <size>0x6</size>
         <input_file_ref idref="fl-4"/>
      </object_component>
      <object_component id="oc-73">
         <name>.debug_info</name>
         <load_address>0x0</load_address>
         <run_address>0x0</run_address>
         <size>0x125</size>
         <input_file_ref idref="fl-5a"/>
      </object_component>
      <object_component id="oc-85">
         <name>.debug_info</name>
         <load_address>0x125</load_address>
         <run_address>0x125</run_address>
         <size>0x1b4</size>
         <input_file_ref idref="fl-5b"/>
      </object_component>
      <object_component id="oc-8c">
         <name>.debug_info</name>
         <load_address>0x2d9</load_address>
         <run_address>0x2d9</run_address>
         <size>0x183</size>
         <input_file_ref idref="fl-5d"/>
      </object_component>
      <object_component id="oc-90">
         <name>.debug_info</name>
         <load_address>0x45c</load_address>
         <run_address>0x45c</run_address>
         <size>0x1a7</size>
         <input_file_ref idref="fl-5c"/>
      </object_component>
      <object_component id="oc-94">
         <name>.debug_info</name>
         <load_address>0x603</load_address>
         <run_address>0x603</run_address>
         <size>0xaa</size>
         <input_file_ref idref="fl-5a"/>
      </object_component>
      <object_component id="oc-98">
         <name>.debug_info</name>
         <load_address>0x6ad</load_address>
         <run_address>0x6ad</run_address>
         <size>0xc2</size>
         <input_file_ref idref="fl-77"/>
      </object_component>
      <object_component id="oc-9d">
         <name>.debug_info</name>
         <load_address>0x76f</load_address>
         <run_address>0x76f</run_address>
         <size>0x14d</size>
         <input_file_ref idref="fl-37"/>
      </object_component>
      <object_component id="oc-a0">
         <name>.debug_info</name>
         <load_address>0x8bc</load_address>
         <run_address>0x8bc</run_address>
         <size>0x176</size>
         <input_file_ref idref="fl-82"/>
      </object_component>
      <object_component id="oc-a5">
         <name>.debug_info</name>
         <load_address>0xa32</load_address>
         <run_address>0xa32</run_address>
         <size>0x248</size>
         <input_file_ref idref="fl-38"/>
      </object_component>
      <object_component id="oc-ad">
         <name>.debug_info</name>
         <load_address>0xc7a</load_address>
         <run_address>0xc7a</run_address>
         <size>0xcc</size>
         <input_file_ref idref="fl-63"/>
      </object_component>
      <object_component id="oc-b1">
         <name>.debug_info</name>
         <load_address>0xd46</load_address>
         <run_address>0xd46</run_address>
         <size>0x385</size>
         <input_file_ref idref="fl-e"/>
      </object_component>
      <object_component id="oc-b5">
         <name>.debug_info</name>
         <load_address>0x10cb</load_address>
         <run_address>0x10cb</run_address>
         <size>0x11a</size>
         <input_file_ref idref="fl-38"/>
      </object_component>
      <object_component id="oc-ba">
         <name>.debug_info</name>
         <load_address>0x11e5</load_address>
         <run_address>0x11e5</run_address>
         <size>0x179</size>
         <input_file_ref idref="fl-38"/>
      </object_component>
      <object_component id="oc-bf">
         <name>.debug_info</name>
         <load_address>0x135e</load_address>
         <run_address>0x135e</run_address>
         <size>0xcd</size>
         <input_file_ref idref="fl-5e"/>
      </object_component>
      <object_component id="oc-c3">
         <name>.debug_info</name>
         <load_address>0x142b</load_address>
         <run_address>0x142b</run_address>
         <size>0x46</size>
         <input_file_ref idref="fl-5b"/>
      </object_component>
      <object_component id="oc-c8">
         <name>.debug_info</name>
         <load_address>0x1471</load_address>
         <run_address>0x1471</run_address>
         <size>0x184</size>
         <input_file_ref idref="fl-5b"/>
      </object_component>
      <object_component id="oc-ca">
         <name>.debug_info</name>
         <load_address>0x15f5</load_address>
         <run_address>0x15f5</run_address>
         <size>0x46</size>
         <input_file_ref idref="fl-5d"/>
      </object_component>
      <object_component id="oc-cf">
         <name>.debug_info</name>
         <load_address>0x163b</load_address>
         <run_address>0x163b</run_address>
         <size>0x17f</size>
         <input_file_ref idref="fl-5d"/>
      </object_component>
      <object_component id="oc-d3">
         <name>.debug_info</name>
         <load_address>0x17ba</load_address>
         <run_address>0x17ba</run_address>
         <size>0x266</size>
         <input_file_ref idref="fl-5c"/>
      </object_component>
      <object_component id="oc-d6">
         <name>.debug_info</name>
         <load_address>0x1a20</load_address>
         <run_address>0x1a20</run_address>
         <size>0x189</size>
         <input_file_ref idref="fl-5c"/>
      </object_component>
      <object_component id="oc-d7">
         <name>.debug_info</name>
         <load_address>0x1ba9</load_address>
         <run_address>0x1ba9</run_address>
         <size>0x39</size>
         <input_file_ref idref="fl-5c"/>
      </object_component>
      <object_component id="oc-de">
         <name>.debug_info</name>
         <load_address>0x1be2</load_address>
         <run_address>0x1be2</run_address>
         <size>0x84</size>
         <input_file_ref idref="fl-2"/>
      </object_component>
      <object_component id="oc-e5">
         <name>.debug_info</name>
         <load_address>0x1c66</load_address>
         <run_address>0x1c66</run_address>
         <size>0x18b</size>
         <input_file_ref idref="fl-2"/>
      </object_component>
      <object_component id="oc-eb">
         <name>.debug_info</name>
         <load_address>0x1df1</load_address>
         <run_address>0x1df1</run_address>
         <size>0x2e0</size>
         <input_file_ref idref="fl-82"/>
      </object_component>
      <object_component id="oc-ef">
         <name>.debug_info</name>
         <load_address>0x20d1</load_address>
         <run_address>0x20d1</run_address>
         <size>0x1c9</size>
         <input_file_ref idref="fl-f"/>
      </object_component>
      <object_component id="oc-f2">
         <name>.debug_info</name>
         <load_address>0x229a</load_address>
         <run_address>0x229a</run_address>
         <size>0xeb</size>
         <input_file_ref idref="fl-38"/>
      </object_component>
      <object_component id="oc-f5">
         <name>.debug_info</name>
         <load_address>0x2385</load_address>
         <run_address>0x2385</run_address>
         <size>0x157</size>
         <input_file_ref idref="fl-7c"/>
      </object_component>
      <object_component id="oc-f9">
         <name>.debug_info</name>
         <load_address>0x24dc</load_address>
         <run_address>0x24dc</run_address>
         <size>0x1ef</size>
         <input_file_ref idref="fl-22"/>
      </object_component>
      <object_component id="oc-ff">
         <name>.debug_info</name>
         <load_address>0x26cb</load_address>
         <run_address>0x26cb</run_address>
         <size>0x25f</size>
         <input_file_ref idref="fl-39"/>
      </object_component>
      <object_component id="oc-103">
         <name>.debug_info</name>
         <load_address>0x292a</load_address>
         <run_address>0x292a</run_address>
         <size>0x1db</size>
         <input_file_ref idref="fl-39"/>
      </object_component>
      <object_component id="oc-109">
         <name>.debug_info</name>
         <load_address>0x2b05</load_address>
         <run_address>0x2b05</run_address>
         <size>0x247</size>
         <input_file_ref idref="fl-4"/>
      </object_component>
      <object_component id="oc-10d">
         <name>.debug_info</name>
         <load_address>0x2d4c</load_address>
         <run_address>0x2d4c</run_address>
         <size>0x118</size>
         <input_file_ref idref="fl-38"/>
      </object_component>
      <object_component id="oc-112">
         <name>.debug_info</name>
         <load_address>0x2e64</load_address>
         <run_address>0x2e64</run_address>
         <size>0x15a</size>
         <input_file_ref idref="fl-38"/>
      </object_component>
      <object_component id="oc-117">
         <name>.debug_info</name>
         <load_address>0x2fbe</load_address>
         <run_address>0x2fbe</run_address>
         <size>0x169</size>
         <input_file_ref idref="fl-38"/>
      </object_component>
      <object_component id="oc-119">
         <name>.debug_info</name>
         <load_address>0x3127</load_address>
         <run_address>0x3127</run_address>
         <size>0x181</size>
         <input_file_ref idref="fl-38"/>
      </object_component>
      <object_component id="oc-11e">
         <name>.debug_info</name>
         <load_address>0x32a8</load_address>
         <run_address>0x32a8</run_address>
         <size>0x848</size>
         <input_file_ref idref="fl-38"/>
      </object_component>
      <object_component id="oc-122">
         <name>.debug_info</name>
         <load_address>0x3af0</load_address>
         <run_address>0x3af0</run_address>
         <size>0x2ce</size>
         <input_file_ref idref="fl-c"/>
      </object_component>
      <object_component id="oc-126">
         <name>.debug_info</name>
         <load_address>0x3dbe</load_address>
         <run_address>0x3dbe</run_address>
         <size>0x313</size>
         <input_file_ref idref="fl-2"/>
      </object_component>
      <object_component id="oc-12b">
         <name>.debug_info</name>
         <load_address>0x40d1</load_address>
         <run_address>0x40d1</run_address>
         <size>0x1fe</size>
         <input_file_ref idref="fl-38"/>
      </object_component>
      <object_component id="oc-130">
         <name>.debug_info</name>
         <load_address>0x42cf</load_address>
         <run_address>0x42cf</run_address>
         <size>0x195</size>
         <input_file_ref idref="fl-4"/>
      </object_component>
      <object_component id="oc-135">
         <name>.debug_info</name>
         <load_address>0x4464</load_address>
         <run_address>0x4464</run_address>
         <size>0x44a</size>
         <input_file_ref idref="fl-38"/>
      </object_component>
      <object_component id="oc-13c">
         <name>.debug_info</name>
         <load_address>0x48ae</load_address>
         <run_address>0x48ae</run_address>
         <size>0x1a5</size>
         <input_file_ref idref="fl-e"/>
      </object_component>
      <object_component id="oc-142">
         <name>.debug_info</name>
         <load_address>0x4a53</load_address>
         <run_address>0x4a53</run_address>
         <size>0x1ab</size>
         <input_file_ref idref="fl-2"/>
      </object_component>
      <object_component id="oc-146">
         <name>.debug_info</name>
         <load_address>0x4bfe</load_address>
         <run_address>0x4bfe</run_address>
         <size>0x23c</size>
         <input_file_ref idref="fl-2"/>
      </object_component>
      <object_component id="oc-14b">
         <name>.debug_info</name>
         <load_address>0x4e3a</load_address>
         <run_address>0x4e3a</run_address>
         <size>0xbf3</size>
         <input_file_ref idref="fl-4"/>
      </object_component>
      <object_component id="oc-14d">
         <name>.debug_info</name>
         <load_address>0x5a2d</load_address>
         <run_address>0x5a2d</run_address>
         <size>0x191</size>
         <input_file_ref idref="fl-b"/>
      </object_component>
      <object_component id="oc-153">
         <name>.debug_info</name>
         <load_address>0x5bbe</load_address>
         <run_address>0x5bbe</run_address>
         <size>0x278</size>
         <input_file_ref idref="fl-2"/>
      </object_component>
      <object_component id="oc-157">
         <name>.debug_info</name>
[...]
         <value>0x4400</value>
         <object_component_ref idref="oc-317"/>
      </symbol>
      <symbol id="sm-686">
         <name>abromDeviceDescriptor</name>
         <value>0x4650</value>
         <object_component_ref idref="oc-45f"/>
      </symbol>
      <symbol id="sm-687">
         <name>abromStringDescriptor</name>
         <value>0x450a</value>
         <object_component_ref idref="oc-466"/>
      </symbol>
      <symbol id="sm-688">
         <name>stUsbHandle</name>
         <value>0x4662</value>
         <object_component_ref idref="oc-230"/>
      </symbol>
      <symbol id="sm-6d7">
         <name>IEP0InterruptHandler</name>
         <value>0x64be</value>
         <object_component_ref idref="oc-19d"/>
      </symbol>
      <symbol id="sm-6d8">
         <name>OEP0InterruptHandler</name>
         <value>0x6228</value>
         <object_component_ref idref="oc-198"/>
      </symbol>
      <symbol id="sm-6d9">
         <name>__TI_int51</name>
         <value>0xffe6</value>
         <object_component_ref idref="oc-78"/>
      </symbol>
      <symbol id="sm-6da">
         <name>PWRVBUSonHandler</name>
         <value>0x5bb0</value>
         <object_component_ref idref="oc-182"/>
      </symbol>
      <symbol id="sm-6db">
         <name>SetupPacketInterruptHandler</name>
         <value>0x5fae</value>
         <object_component_ref idref="oc-13b"/>
      </symbol>
      <symbol id="sm-6dc">
         <name>PWRVBUSoffHandler</name>
         <value>0x59bc</value>
         <object_component_ref idref="oc-177"/>
      </symbol>
      <symbol id="sm-6dd">
         <name>iUsbInterruptHandler</name>
         <value>0x467c</value>
         <object_component_ref idref="oc-af"/>
      </symbol>
      <symbol id="sm-6e8">
         <name>WDT_A_hold</name>
         <value>0x6646</value>
         <object_component_ref idref="oc-ec"/>
      </symbol>
      <symbol id="sm-733">
         <name>UCS_initClockSignal</name>
         <value>0x55fe</value>
         <object_component_ref idref="oc-1e9"/>
      </symbol>
      <symbol id="sm-734">
         <name>UCS_initFLLSettle</name>
         <value>0x6294</value>
         <object_component_ref idref="oc-1f6"/>
      </symbol>
      <symbol id="sm-735">
         <name>UCS_clearFaultFlag</name>
         <value>0x6790</value>
         <object_component_ref idref="oc-1a9"/>
      </symbol>
      <symbol id="sm-736">
         <name>UCS_initFLL</name>
         <value>0x4e1c</value>
         <object_component_ref idref="oc-2c5"/>
      </symbol>
      <symbol id="sm-737">
         <name>UCS_turnOffXT2</name>
         <value>0x6756</value>
         <object_component_ref idref="oc-26b"/>
      </symbol>
      <symbol id="sm-738">
         <name>UCS_turnOnXT2WithTimeout</name>
         <value>0x603a</value>
         <object_component_ref idref="oc-2e4"/>
      </symbol>
      <symbol id="sm-74a">
         <name>TLV_getInfo</name>
         <value>0x5f66</value>
         <object_component_ref idref="oc-36e"/>
      </symbol>
      <symbol id="sm-75a">
         <name>SFR_clearInterrupt</name>
         <value>0x678a</value>
         <object_component_ref idref="oc-1ae"/>
      </symbol>
      <symbol id="sm-784">
         <name>PMM_setVCore</name>
         <value>0x61ee</value>
         <object_component_ref idref="oc-f8"/>
      </symbol>
      <symbol id="sm-785">
         <name>PMM_setVCoreDown</name>
         <value>0x556a</value>
         <object_component_ref idref="oc-1ce"/>
      </symbol>
      <symbol id="sm-786">
         <name>PMM_setVCoreUp</name>
         <value>0x50a6</value>
         <object_component_ref idref="oc-1d3"/>
      </symbol>
      <symbol id="sm-7aa">
         <name>GPIO_setAsOutputPin</name>
         <value>0x64f6</value>
         <object_component_ref idref="oc-1de"/>
      </symbol>
      <symbol id="sm-7ab">
         <name>GPIO_setOutputLowOnPin</name>
         <value>0x65c4</value>
         <object_component_ref idref="oc-1e3"/>
      </symbol>
      <symbol id="sm-7ac">
         <name>GPIO_setAsPeripheralModuleFunctionOutputPin</name>
         <value>0x6510</value>
         <object_component_ref idref="oc-2df"/>
      </symbol>
      <symbol id="sm-7f4">
         <name>DMA_setSrcAddress</name>
         <value>0x63d4</value>
         <object_component_ref idref="oc-407"/>
      </symbol>
      <symbol id="sm-7f5">
         <name>DMA_disableTransferDuringReadModifyWrite</name>
         <value>0x677e</value>
         <object_component_ref idref="oc-402"/>
      </symbol>
      <symbol id="sm-7f6">
         <name>DMA_setDstAddress</name>
         <value>0x63ae</value>
         <object_component_ref idref="oc-40c"/>
      </symbol>
      <symbol id="sm-7f7">
         <name>DMA_enableTransfers</name>
         <value>0x671e</value>
         <object_component_ref idref="oc-41b"/>
      </symbol>
      <symbol id="sm-7f8">
         <name>DMA_disableTransfers</name>
         <value>0x6714</value>
         <object_component_ref idref="oc-42a"/>
      </symbol>
      <symbol id="sm-7f9">
         <name>DMA_startTransfer</name>
         <value>0x674e</value>
         <object_component_ref idref="oc-420"/>
      </symbol>
      <symbol id="sm-7fa">
         <name>DMA_setTransferSize</name>
         <value>0x6746</value>
         <object_component_ref idref="oc-416"/>
      </symbol>
      <symbol id="sm-7fb">
         <name>DMA_getInterruptStatus</name>
         <value>0x66fc</value>
         <object_component_ref idref="oc-425"/>
      </symbol>
      <symbol id="sm-7fc">
         <name>DMA_enableTransferDuringReadModifyWrite</name>
         <value>0x6784</value>
         <object_component_ref idref="oc-411"/>
      </symbol>
      <symbol id="sm-7fd">
         <name>DMA_init</name>
         <value>0x5c0e</value>
         <object_component_ref idref="oc-382"/>
      </symbol>
      <symbol id="sm-80d">
         <name>_system_pre_init</name>
         <value>0x6728</value>
         <object_component_ref idref="oc-9a"/>
      </symbol>
      <symbol id="sm-85f">
         <name>SPI_received</name>
         <value>0x2400</value>
      </symbol>
      <symbol id="sm-860">
         <name>config_adcs</name>
         <value>0x522e</value>
         <object_component_ref idref="oc-12a"/>
      </symbol>
      <symbol id="sm-861">
         <name>init_msp</name>
         <value>0x5a90</value>
         <object_component_ref idref="oc-10c"/>
      </symbol>
      <symbol id="sm-862">
         <name>__TI_int61</name>
         <value>0xfffa</value>
         <object_component_ref idref="oc-82"/>
      </symbol>
      <symbol id="sm-863">
         <name>__TI_int53</name>
         <value>0xffea</value>
         <object_component_ref idref="oc-7a"/>
      </symbol>
      <symbol id="sm-864">
         <name>t</name>
         <value>0x24a4</value>
         <object_component_ref idref="oc-116"/>
      </symbol>
      <symbol id="sm-865">
         <name>UNMI_ISR</name>
         <value>0x47a6</value>
         <object_component_ref idref="oc-b9"/>
      </symbol>
      <symbol id="sm-866">
         <name>receive_status</name>
         <value>0x24a0</value>
         <object_component_ref idref="oc-116"/>
      </symbol>
      <symbol id="sm-867">
         <name>main</name>
         <value>0x4ade</value>
         <object_component_ref idref="oc-a4"/>
      </symbol>
      <symbol id="sm-868">
         <name>send_complete</name>
         <value>0x24a2</value>
         <object_component_ref idref="oc-116"/>
      </symbol>
      <symbol id="sm-869">
         <name>transferAndReceive</name>
         <value>0x64da</value>
         <object_component_ref idref="oc-118"/>
      </symbol>
      <symbol id="sm-86a">
         <name>receive_complete</name>
         <value>0x24a1</value>
         <object_component_ref idref="oc-116"/>
      </symbol>
      <symbol id="sm-86b">
         <name>init_adcs</name>
         <value>0x5e2a</value>
         <object_component_ref idref="oc-111"/>
      </symbol>
      <symbol id="sm-86c">
         <name>Timer_A</name>
         <value>0x47fe</value>
         <object_component_ref idref="oc-b4"/>
      </symbol>
      <symbol id="sm-87f">
         <name>USBHAL_initPorts</name>
         <value>0x543c</value>
         <object_component_ref idref="oc-fd"/>
      </symbol>
      <symbol id="sm-880">
         <name>USBHAL_initClocks</name>
         <value>0x60ba</value>
         <object_component_ref idref="oc-102"/>
      </symbol>
      <symbol id="sm-88e">
         <name>_c_int00_noexit</name>
         <value>0x47e4</value>
         <object_component_ref idref="oc-72"/>
      </symbol>
      <symbol id="sm-88f">
         <name>_c_int00</name>
         <value>0x47e4</value>
         <object_component_ref idref="oc-72"/>
      </symbol>
      <symbol id="sm-890">
         <name>_stack</name>
         <value>0x4360</value>
         <object_component_ref idref="oc-93"/>
      </symbol>
      <symbol id="sm-891">
         <name>_reset_vector</name>
         <value>0xfffe</value>
         <object_component_ref idref="oc-95"/>
      </symbol>
      <symbol id="sm-8a1">
         <name>__TI_decompress_none</name>
         <value>0x61b2</value>
         <object_component_ref idref="oc-84"/>
      </symbol>
      <symbol id="sm-8c3">
         <name>__TI_decompress_rle24</name>
         <value>0x66e0</value>
         <object_component_ref idref="oc-8e"/>
      </symbol>
      <symbol id="sm-8d5">
         <name>__TI_zero_init</name>
         <value>0x60f8</value>
         <object_component_ref idref="oc-89"/>
      </symbol>
      <symbol id="sm-8df">
         <name>__memcpy_far</name>
         <value>0x607a</value>
         <object_component_ref idref="oc-be"/>
      </symbol>
      <symbol id="sm-8e9">
         <name>__mspabi_remu</name>
         <value>0x65da</value>
         <object_component_ref idref="oc-325"/>
      </symbol>
      <symbol id="sm-8ea">
         <name>__mspabi_divu</name>
         <value>0x65da</value>
         <object_component_ref idref="oc-325"/>
      </symbol>
      <symbol id="sm-8f8">
         <name>__mspabi_remul</name>
         <value>0x5d7a</value>
         <object_component_ref idref="oc-1ee"/>
      </symbol>
      <symbol id="sm-8f9">
         <name>__mspabi_divul</name>
         <value>0x5d7a</value>
         <object_component_ref idref="oc-1ee"/>
      </symbol>
      <symbol id="sm-902">
         <name>C$$EXIT</name>
         <value>0x67ca</value>
         <object_component_ref idref="oc-a9"/>
      </symbol>
      <symbol id="sm-903">
         <name>abort</name>
         <value>0x67ca</value>
         <object_component_ref idref="oc-a9"/>
      </symbol>
      <symbol id="sm-906">
         <name>__TI_int41</name>
         <value>0xffd2</value>
         <object_component_ref idref="oc-69"/>
      </symbol>
      <symbol id="sm-909">
         <name>__TI_int42</name>
         <value>0xffd4</value>
         <object_component_ref idref="oc-6a"/>
      </symbol>
      <symbol id="sm-90c">
         <name>__TI_int43</name>
         <value>0xffd6</value>
         <object_component_ref idref="oc-6b"/>
      </symbol>
      <symbol id="sm-90f">
         <name>__TI_int44</name>
         <value>0xffd8</value>
         <object_component_ref idref="oc-6c"/>
      </symbol>
      <symbol id="sm-912">
         <name>__TI_int45</name>
         <value>0xffda</value>
         <object_component_ref idref="oc-6d"/>
      </symbol>
      <symbol id="sm-915">
         <name>__TI_int46</name>
         <value>0xffdc</value>
         <object_component_ref idref="oc-6e"/>
      </symbol>
      <symbol id="sm-918">
         <name>__TI_int47</name>
         <value>0xffde</value>
         <object_component_ref idref="oc-6f"/>
      </symbol>
      <symbol id="sm-91b">
         <name>__TI_int48</name>
         <value>0xffe0</value>
         <object_component_ref idref="oc-70"/>
      </symbol>
      <symbol id="sm-91e">
         <name>__TI_int49</name>
         <value>0xffe2</value>
         <object_component_ref idref="oc-71"/>
      </symbol>
      <symbol id="sm-921">
         <name>__TI_int50</name>
         <value>0xffe4</value>
         <object_component_ref idref="oc-77"/>
      </symbol>
      <symbol id="sm-924">
         <name>__TI_int52</name>
         <value>0xffe8</value>
         <object_component_ref idref="oc-79"/>
      </symbol>
      <symbol id="sm-927">
         <name>__TI_int54</name>
         <value>0xffec</value>
         <object_component_ref idref="oc-7b"/>
      </symbol>
      <symbol id="sm-92a">
         <name>__TI_int55</name>
         <value>0xffee</value>
         <object_component_ref idref="oc-7c"/>
      </symbol>
      <symbol id="sm-92d">
         <name>__TI_int56</name>
         <value>0xfff0</value>
         <object_component_ref idref="oc-7d"/>
      </symbol>
      <symbol id="sm-930">
         <name>__TI_int57</name>
         <value>0xfff2</value>
         <object_component_ref idref="oc-7e"/>
      </symbol>
      <symbol id="sm-933">
         <name>__TI_int58</name>
         <value>0xfff4</value>
         <object_component_ref idref="oc-7f"/>
      </symbol>
      <symbol id="sm-936">
         <name>__TI_int59</name>
         <value>0xfff6</value>
         <object_component_ref idref="oc-80"/>
      </symbol>
      <symbol id="sm-939">
         <name>__TI_int60</name>
         <value>0xfff8</value>
         <object_component_ref idref="oc-81"/>
      </symbol>
      <symbol id="sm-93c">
         <name>__TI_int62</name>
         <value>0xfffc</value>
         <object_component_ref idref="oc-83"/>
      </symbol>
      <symbol id="sm-943">
         <name>__TI_ISR_TRAP</name>
         <value>0x679c</value>
         <object_component_ref idref="oc-96"/>
      </symbol>
      <symbol id="sm-94b">
         <name>__mspabi_slli</name>
         <value>0x6732</value>
         <object_component_ref idref="oc-2f8"/>
      </symbol>
      <symbol id="sm-952">
         <name>__mspabi_slll_9</name>
         <value>0x614e</value>
         <object_component_ref idref="oc-340"/>
      </symbol>
      <symbol id="sm-953">
         <name>__mspabi_slll_8</name>
         <value>0x6152</value>
         <object_component_ref idref="oc-340"/>
      </symbol>
      <symbol id="sm-954">
         <name>__mspabi_slll_7</name>
         <value>0x6156</value>
         <object_component_ref idref="oc-340"/>
      </symbol>
      <symbol id="sm-955">
         <name>__mspabi_slll_6</name>
         <value>0x615a</value>
         <object_component_ref idref="oc-340"/>
      </symbol>
      <symbol id="sm-956">
         <name>__mspabi_slll_5</name>
         <value>0x615e</value>
         <object_component_ref idref="oc-340"/>
      </symbol>
      <symbol id="sm-957">
         <name>__mspabi_slll_4</name>
         <value>0x6162</value>
         <object_component_ref idref="oc-340"/>
      </symbol>
      <symbol id="sm-958">
         <name>__mspabi_slll_3</name>
         <value>0x6166</value>
         <object_component_ref idref="oc-340"/>
      </symbol>
      <symbol id="sm-959">
         <name>__mspabi_slll_2</name>
         <value>0x616a</value>
         <object_component_ref idref="oc-340"/>
      </symbol>
      <symbol id="sm-95a">
         <name>__mspabi_slll_1</name>
         <value>0x616e</value>
         <object_component_ref idref="oc-340"/>
      </symbol>
      <symbol id="sm-95b">
         <name>__mspabi_slll_15</name>
         <value>0x6136</value>
         <object_component_ref idref="oc-340"/>
      </symbol>
      <symbol id="sm-95c">
         <name>__mspabi_slll_14</name>
         <value>0x613a</value>
         <object_component_ref idref="oc-340"/>
      </symbol>
      <symbol id="sm-95d">
         <name>__mspabi_slll_13</name>
         <value>0x613e</value>
         <object_component_ref idref="oc-340"/>
      </symbol>
      <symbol id="sm-95e">
         <name>__mspabi_slll_12</name>
         <value>0x6142</value>
         <object_component_ref idref="oc-340"/>
      </symbol>
      <symbol id="sm-95f">
         <name>__mspabi_slll_11</name>
         <value>0x6146</value>
         <object_component_ref idref="oc-340"/>
      </symbol>
      <symbol id="sm-960">
         <name>__mspabi_slll_10</name>
         <value>0x614a</value>
         <object_component_ref idref="oc-340"/>
      </symbol>
      <symbol id="sm-968">
         <name>__mspabi_srli</name>
         <value>0x673c</value>
         <object_component_ref idref="oc-329"/>
      </symbol>
      <symbol id="sm-96f">
         <name>__mspabi_srll_8</name>
         <value>0x6190</value>
         <object_component_ref idref="oc-1f2"/>
      </symbol>
      <symbol id="sm-970">
         <name>__mspabi_srll_9</name>
         <value>0x618c</value>
         <object_component_ref idref="oc-1f2"/>
      </symbol>
      <symbol id="sm-971">
         <name>__mspabi_srll_6</name>
         <value>0x6198</value>
         <object_component_ref idref="oc-1f2"/>
      </symbol>
      <symbol id="sm-972">
         <name>__mspabi_srll_7</name>
         <value>0x6194</value>
         <object_component_ref idref="oc-1f2"/>
      </symbol>
      <symbol id="sm-973">
         <name>__mspabi_srll_4</name>
         <value>0x61a0</value>
         <object_component_ref idref="oc-1f2"/>
      </symbol>
      <symbol id="sm-974">
         <name>__mspabi_srll_5</name>
         <value>0x619c</value>
         <object_component_ref idref="oc-1f2"/>
      </symbol>
      <symbol id="sm-975">
         <name>__mspabi_srll_2</name>
         <value>0x61a8</value>
         <object_component_ref idref="oc-1f2"/>
      </symbol>
      <symbol id="sm-976">
         <name>__mspabi_srll_3</name>
         <value>0x61a4</value>
         <object_component_ref idref="oc-1f2"/>
      </symbol>
      <symbol id="sm-977">
         <name>__mspabi_srll_1</name>
         <value>0x61ac</value>
         <object_component_ref idref="oc-1f2"/>
      </symbol>
      <symbol id="sm-978">
         <name>__mspabi_srll_15</name>
         <value>0x6174</value>
         <object_component_ref idref="oc-1f2"/>
      </symbol>
      <symbol id="sm-979">
         <name>__mspabi_srll_14</name>
         <value>0x6178</value>
         <object_component_ref idref="oc-1f2"/>
      </symbol>
      <symbol id="sm-97a">
         <name>__mspabi_srll_13</name>
         <value>0x617c</value>
         <object_component_ref idref="oc-1f2"/>
      </symbol>
      <symbol id="sm-97b">
         <name>__mspabi_srll_12</name>
         <value>0x6180</value>
         <object_component_ref idref="oc-1f2"/>
      </symbol>
      <symbol id="sm-97c">
         <name>__mspabi_srll_11</name>
         <value>0x6184</value>
         <object_component_ref idref="oc-1f2"/>
      </symbol>
      <symbol id="sm-97d">
         <name>__mspabi_srll_10</name>
         <value>0x6188</value>
         <object_component_ref idref="oc-1f2"/>
      </symbol>
      <symbol id="sm-98a">
         <name>memcpy</name>
         <value>0x66bc</value>
         <object_component_ref idref="oc-f3"/>
      </symbol>
      <symbol id="sm-997">
         <name>memset</name>
         <value>0x665a</value>
         <object_component_ref idref="oc-31c"/>
      </symbol>
      <symbol id="sm-99e">
         <name>__mspabi_mpyi_f5hw</name>
         <value>0x65f0</value>
         <object_component_ref idref="oc-28e"/>
      </symbol>
      <symbol id="sm-9b6">
         <name>_auto_init</name>
         <value>0x5870</value>
         <object_component_ref idref="oc-9f"/>
      </symbol>
      <symbol id="sm-9b7">
         <name>__TI_exit</name>
         <value>0x1</value>
      </symbol>
      <symbol id="sm-9b8">
         <name>__TI_args_main</name>
         <value>0x1</value>
      </symbol>
      <symbol id="sm-9b9">
         <name>__TI_INITARRAY_Base</name>
         <value>0x0</value>
      </symbol>
      <symbol id="sm-9ba">
         <name>__TI_INITARRAY_Limit</name>
         <value>0x0</value>
      </symbol>
   </symbol_table>
   <title>Link successful</title>
</link_info>
